../Drivers/STM32F2xx_HAL_Driver/Src/stm32f2xx_hal_uart.c:3326:13:UART_EndRxTransfer	0	static,ignoring_inline_asm
../Drivers/STM32F2xx_HAL_Driver/Src/stm32f2xx_hal_uart.c:3686:13:UART_SetConfig	8	static
../Drivers/STM32F2xx_HAL_Driver/Src/stm32f2xx_hal_uart.c:3176:26:UART_WaitOnFlagUntilTimeout.constprop	32	static
../Drivers/STM32F2xx_HAL_Driver/Src/stm32f2xx_hal_uart.c:709:13:HAL_UART_MspInit	0	static
../Drivers/STM32F2xx_HAL_Driver/Src/stm32f2xx_hal_uart.c:353:19:HAL_UART_Init	8	static
../Drivers/STM32F2xx_HAL_Driver/Src/stm32f2xx_hal_uart.c:429:19:HAL_HalfDuplex_Init	8	static
../Drivers/STM32F2xx_HAL_Driver/Src/stm32f2xx_hal_uart.c:503:19:HAL_LIN_Init	16	static
../Drivers/STM32F2xx_HAL_Driver/Src/stm32f2xx_hal_uart.c:585:19:HAL_MultiProcessor_Init	16	static
../Drivers/STM32F2xx_HAL_Driver/Src/stm32f2xx_hal_uart.c:724:13:HAL_UART_MspDeInit	0	static
../Drivers/STM32F2xx_HAL_Driver/Src/stm32f2xx_hal_uart.c:663:19:HAL_UART_DeInit	8	static
../Drivers/STM32F2xx_HAL_Driver/Src/stm32f2xx_hal_uart.c:1129:19:HAL_UART_Transmit	32	static
../Drivers/STM32F2xx_HAL_Driver/Src/stm32f2xx_hal_uart.c:1215:19:HAL_UART_Receive	32	static
../Drivers/STM32F2xx_HAL_Driver/Src/stm32f2xx_hal_uart.c:1302:19:HAL_UART_Transmit_IT	0	static
../Drivers/STM32F2xx_HAL_Driver/Src/stm32f2xx_hal_uart.c:1373:19:HAL_UART_Transmit_DMA	16	static,ignoring_inline_asm
../Drivers/STM32F2xx_HAL_Driver/Src/stm32f2xx_hal_uart.c:1462:19:HAL_UART_DMAPause	0	static,ignoring_inline_asm
../Drivers/STM32F2xx_HAL_Driver/Src/stm32f2xx_hal_uart.c:1493:19:HAL_UART_DMAResume	8	static,ignoring_inline_asm
../Drivers/STM32F2xx_HAL_Driver/Src/stm32f2xx_hal_uart.c:1527:19:HAL_UART_DMAStop	8	static,ignoring_inline_asm
../Drivers/STM32F2xx_HAL_Driver/Src/stm32f2xx_hal_uart.c:1582:19:HAL_UARTEx_ReceiveToIdle	40	static
../Drivers/STM32F2xx_HAL_Driver/Src/stm32f2xx_hal_uart.c:1832:29:HAL_UARTEx_GetRxEventType	0	static
../Drivers/STM32F2xx_HAL_Driver/Src/stm32f2xx_hal_uart.c:1850:19:HAL_UART_Abort	8	static,ignoring_inline_asm
../Drivers/STM32F2xx_HAL_Driver/Src/stm32f2xx_hal_uart.c:1939:19:HAL_UART_AbortTransmit	8	static,ignoring_inline_asm
../Drivers/STM32F2xx_HAL_Driver/Src/stm32f2xx_hal_uart.c:1990:19:HAL_UART_AbortReceive	8	static,ignoring_inline_asm
../Drivers/STM32F2xx_HAL_Driver/Src/stm32f2xx_hal_uart.c:2583:13:HAL_UART_TxCpltCallback	0	static
../Drivers/STM32F2xx_HAL_Driver/Src/stm32f2xx_hal_uart.c:2979:13:UART_DMATransmitCplt	8	static,ignoring_inline_asm
../Drivers/STM32F2xx_HAL_Driver/Src/stm32f2xx_hal_uart.c:2598:13:HAL_UART_TxHalfCpltCallback	0	static
../Drivers/STM32F2xx_HAL_Driver/Src/stm32f2xx_hal_uart.c:3014:13:UART_DMATxHalfCplt	8	static
../Drivers/STM32F2xx_HAL_Driver/Src/stm32f2xx_hal_uart.c:2613:13:HAL_UART_RxCpltCallback	0	static
../Drivers/STM32F2xx_HAL_Driver/Src/stm32f2xx_hal_uart.c:2628:13:HAL_UART_RxHalfCpltCallback	0	static
../Drivers/STM32F2xx_HAL_Driver/Src/stm32f2xx_hal_uart.c:2643:13:HAL_UART_ErrorCallback	0	static
../Drivers/STM32F2xx_HAL_Driver/Src/stm32f2xx_hal_uart.c:3134:13:UART_DMAError	8	static,ignoring_inline_asm
../Drivers/STM32F2xx_HAL_Driver/Src/stm32f2xx_hal_uart.c:3350:13:UART_DMAAbortOnError	8	static
../Drivers/STM32F2xx_HAL_Driver/Src/stm32f2xx_hal_uart.c:2657:13:HAL_UART_AbortCpltCallback	0	static
../Drivers/STM32F2xx_HAL_Driver/Src/stm32f2xx_hal_uart.c:2051:19:HAL_UART_Abort_IT	16	static,ignoring_inline_asm
../Drivers/STM32F2xx_HAL_Driver/Src/stm32f2xx_hal_uart.c:3420:13:UART_DMARxAbortCallback	8	static
../Drivers/STM32F2xx_HAL_Driver/Src/stm32f2xx_hal_uart.c:3374:13:UART_DMATxAbortCallback	8	static
../Drivers/STM32F2xx_HAL_Driver/Src/stm32f2xx_hal_uart.c:2672:13:HAL_UART_AbortTransmitCpltCallback	0	static
../Drivers/STM32F2xx_HAL_Driver/Src/stm32f2xx_hal_uart.c:2186:19:HAL_UART_AbortTransmit_IT	8	static,ignoring_inline_asm
../Drivers/STM32F2xx_HAL_Driver/Src/stm32f2xx_hal_uart.c:3466:13:UART_DMATxOnlyAbortCallback	8	static
../Drivers/STM32F2xx_HAL_Driver/Src/stm32f2xx_hal_uart.c:2687:13:HAL_UART_AbortReceiveCpltCallback	0	static
../Drivers/STM32F2xx_HAL_Driver/Src/stm32f2xx_hal_uart.c:2263:19:HAL_UART_AbortReceive_IT	8	static,ignoring_inline_asm
../Drivers/STM32F2xx_HAL_Driver/Src/stm32f2xx_hal_uart.c:3494:13:UART_DMARxOnlyAbortCallback	8	static
../Drivers/STM32F2xx_HAL_Driver/Src/stm32f2xx_hal_uart.c:2704:13:HAL_UARTEx_RxEventCallback	0	static
../Drivers/STM32F2xx_HAL_Driver/Src/stm32f2xx_hal_uart.c:3095:13:UART_DMARxHalfCplt	8	static
../Drivers/STM32F2xx_HAL_Driver/Src/stm32f2xx_hal_uart.c:3033:13:UART_DMAReceiveCplt	8	static,ignoring_inline_asm
../Drivers/STM32F2xx_HAL_Driver/Src/stm32f2xx_hal_uart.c:3585:26:UART_Receive_IT.isra	16	static,ignoring_inline_asm
../Drivers/STM32F2xx_HAL_Driver/Src/stm32f2xx_hal_uart.c:2341:6:HAL_UART_IRQHandler	24	static,ignoring_inline_asm
../Drivers/STM32F2xx_HAL_Driver/Src/stm32f2xx_hal_uart.c:2744:19:HAL_LIN_SendBreak	0	static,ignoring_inline_asm
../Drivers/STM32F2xx_HAL_Driver/Src/stm32f2xx_hal_uart.c:2771:19:HAL_MultiProcessor_EnterMuteMode	0	static,ignoring_inline_asm
../Drivers/STM32F2xx_HAL_Driver/Src/stm32f2xx_hal_uart.c:2799:19:HAL_MultiProcessor_ExitMuteMode	0	static,ignoring_inline_asm
../Drivers/STM32F2xx_HAL_Driver/Src/stm32f2xx_hal_uart.c:2827:19:HAL_HalfDuplex_EnableTransmitter	0	static
../Drivers/STM32F2xx_HAL_Driver/Src/stm32f2xx_hal_uart.c:2862:19:HAL_HalfDuplex_EnableReceiver	0	static
../Drivers/STM32F2xx_HAL_Driver/Src/stm32f2xx_hal_uart.c:2919:23:HAL_UART_GetState	0	static
../Drivers/STM32F2xx_HAL_Driver/Src/stm32f2xx_hal_uart.c:2934:10:HAL_UART_GetError	0	static
../Drivers/STM32F2xx_HAL_Driver/Src/stm32f2xx_hal_uart.c:3227:19:UART_Start_Receive_IT	0	static
../Drivers/STM32F2xx_HAL_Driver/Src/stm32f2xx_hal_uart.c:1341:19:HAL_UART_Receive_IT	12	static
../Drivers/STM32F2xx_HAL_Driver/Src/stm32f2xx_hal_uart.c:1707:19:HAL_UARTEx_ReceiveToIdle_IT	24	static,ignoring_inline_asm
../Drivers/STM32F2xx_HAL_Driver/Src/stm32f2xx_hal_uart.c:3262:19:UART_Start_Receive_DMA	24	static,ignoring_inline_asm
../Drivers/STM32F2xx_HAL_Driver/Src/stm32f2xx_hal_uart.c:1435:19:HAL_UART_Receive_DMA	12	static
../Drivers/STM32F2xx_HAL_Driver/Src/stm32f2xx_hal_uart.c:1767:19:HAL_UARTEx_ReceiveToIdle_DMA	24	static,ignoring_inline_asm
